[0m20:26:01.727386 [debug] [MainThread]: Sending event: {'category': 'dbt', 'action': 'invocation', 'label': 'start', 'context': [<snowplow_tracker.self_describing_json.SelfDescribingJson object at 0x0000017A8D0BADB0>, <snowplow_tracker.self_describing_json.SelfDescribingJson object at 0x0000017A8FF81190>, <snowplow_tracker.self_describing_json.SelfDescribingJson object at 0x0000017A8FF83AA0>]}


============================== 20:26:01.731392 | 7b5fb0f3-7197-419c-b86e-4a34bb08d98c ==============================
[0m20:26:01.731392 [info ] [MainThread]: Running with dbt=1.11.8
[0m20:26:01.732393 [debug] [MainThread]: running dbt with arguments {'static_parser': 'True', 'no_print': 'None', 'version_check': 'True', 'target_path': 'None', 'warn_error_options': 'WarnErrorOptionsV2(error=[], warn=[], silence=[])', 'printer_width': '80', 'write_json': 'True', 'empty': 'None', 'log_cache_events': 'False', 'introspect': 'True', 'cache_selected_only': 'False', 'fail_fast': 'False', 'debug': 'False', 'log_format': 'default', 'profiles_dir': 'C:\\Users\\anish\\.dbt', 'send_anonymous_usage_stats': 'True', 'quiet': 'False', 'warn_error': 'None', 'partial_parse': 'True', 'invocation_command': 'dbt init dbt_project', 'indirect_selection': 'eager', 'use_colors': 'True', 'use_experimental_parser': 'False', 'log_path': 'logs'}
[0m20:26:01.764401 [info ] [MainThread]: Creating dbt configuration folder at C:\Users\anish\.dbt
[0m20:26:01.769397 [debug] [MainThread]: Starter project path: C:\Users\anish\AppData\Local\Programs\Python\Python312\Lib\site-packages\dbt\include\starter_project
[0m20:26:02.130519 [info ] [MainThread]: 
Your new dbt project "dbt_project" was created!

For more information on how to configure the profiles.yml file,
please consult the dbt documentation here:

  https://docs.getdbt.com/docs/configure-your-profile

One more thing:

Need help? Don't hesitate to reach out to us via GitHub issues or on Slack:

  https://community.getdbt.com/

Happy modeling!

[0m20:26:02.131519 [info ] [MainThread]: Setting up your profile.
[0m20:27:35.491877 [info ] [MainThread]: Profile dbt_project written to C:\Users\anish\.dbt\profiles.yml using target's profile_template.yml and your supplied values. Run 'dbt debug' to validate the connection.
[0m20:27:35.493898 [debug] [MainThread]: Command `dbt init` succeeded at 20:27:35.493898 after 94.32 seconds
[0m20:27:35.494877 [debug] [MainThread]: Sending event: {'category': 'dbt', 'action': 'invocation', 'label': 'end', 'context': [<snowplow_tracker.self_describing_json.SelfDescribingJson object at 0x0000017A91CF33B0>, <snowplow_tracker.self_describing_json.SelfDescribingJson object at 0x0000017A91CF38F0>, <snowplow_tracker.self_describing_json.SelfDescribingJson object at 0x0000017A8F931F70>]}
[0m20:27:35.494877 [debug] [MainThread]: Flushing usage events
[0m20:27:36.112849 [debug] [MainThread]: An error was encountered while trying to flush usage events
